18:19:31 | INFO    | Inicio del pipeline: data/INS_ENST00000381330_cds.fasta
18:19:31 | INFO    | [0/3] LECTURA Y VALIDACIÓN
18:19:31 | INFO    |   Registro ENST00000381330.5: 333 nt, GC = 64.6 %
18:19:31 | INFO    |   Parece una CDS completa: ATG ... TAG, 111 codones
18:19:31 | INFO    | [1/3] REPLICACIÓN (semiconservativa)
18:19:31 | INFO    |   Helicasa: separa las dos hebras parentales rompiendo los puentes de hidrógeno
18:19:31 | INFO    |   Hebra parental superior 5'->3': ATGGCCCTGTGGATGCGCCTCCTGCCCCTG...CTCTACCAGCTGGAGAACTACTGCAACTAG
18:19:31 | INFO    |   Hebra parental inferior 5'->3': CTAGTTGCAGTAGTTCTCCAGCTGGTAGAG...CAGGGGCAGGAGGCGCATCCACAGGGCCAT
18:19:31 | INFO    |   Primasa + ADN polimerasa: síntesis 5'->3' sobre cada molde (conductora y retardada)
18:19:31 | INFO    |   Nueva hebra sobre el molde superior: CTAGTTGCAGTAGTTCTCCAGCTGGTAGAG...CAGGGGCAGGAGGCGCATCCACAGGGCCAT
18:19:31 | INFO    |   Nueva hebra sobre el molde inferior: ATGGCCCTGTGGATGCGCCTCCTGCCCCTG...CTCTACCAGCTGGAGAACTACTGCAACTAG
18:19:31 | INFO    |   Ligasa: sella los fragmentos de Okazaki de la hebra retardada
18:19:31 | INFO    |   Hija 1: 333/333 pares Watson-Crick correctos
18:19:31 | INFO    |   Hija 2: 333/333 pares Watson-Crick correctos
18:19:31 | INFO    |   Las dos moléculas hijas son idénticas a la parental: True
18:19:31 | INFO    |     guardado resultados/1_replicacion_nueva_sobre_superior.fasta
18:19:31 | INFO    |     guardado resultados/1_replicacion_nueva_sobre_inferior.fasta
18:19:31 | INFO    | [2/3] TRANSCRIPCIÓN
18:19:31 | INFO    |   Hebra molde (leída 3'->5' por la ARN polimerasa), escrita 5'->3': CTAGTTGCAGTAGTTCTCCAGCTGGTAGAG...CAGGGGCAGGAGGCGCATCCACAGGGCCAT
18:19:31 | INFO    |   ARNm 5'->3' (T -> U): AUGGCCCUGUGGAUGCGCCUCCUGCCCCUG...CUCUACCAGCUGGAGAACUACUGCAACUAG
18:19:31 | INFO    |   Comprobación: el ARNm coincide con la hebra codificante cambiando T por U: True
18:19:31 | INFO    |     guardado resultados/2_transcripcion_arnm.fasta
18:19:31 | INFO    | [3/3] TRADUCCIÓN (código genético estándar)
18:19:31 | INFO    |   Codón de inicio AUG en la posición 1
18:19:31 | INFO    |   Codón de paro UAG en la posición 331
18:19:31 | INFO    |   Proteína: 110 aa, 12.0 kDa, pI 5.22
18:19:31 | INFO    |   Secuencia: MALWMRLLPLLALLALWGPDPAAAFVNQHL...ALEGSLQKRGIVEQCCTSICSLYQLENYCN
18:19:31 | INFO    |   Comparación con sp|P01308|INS_HUMAN: 110/110 posiciones idénticas (coincidencia exacta)
18:19:31 | INFO    |     guardado resultados/3_traduccion_proteina.fasta
18:19:31 | INFO    | Pipeline terminado. Resultados en resultados/
